../Core/Src/main.c:147:5:main	72	static
../Core/Src/main.c:667:6:SystemClock_Config	88	static
../Core/Src/main.c:709:13:MX_ADC1_Init	24	static
../Core/Src/main.c:761:13:MX_TIM2_Init	48	static
../Core/Src/main.c:810:13:MX_TIM3_Init	48	static
../Core/Src/main.c:864:13:MX_TIM4_Init	32	static
../Core/Src/main.c:909:13:MX_TIM5_Init	32	static
../Core/Src/main.c:954:13:MX_USART1_UART_Init	8	static
../Core/Src/main.c:987:13:MX_USART2_UART_Init	8	static
../Core/Src/main.c:1020:13:MX_USART6_UART_Init	8	static
../Core/Src/main.c:1053:13:MX_GPIO_Init	48	static
../Core/Src/main.c:1120:5:findMin	32	static
../Core/Src/main.c:1139:6:ADC_Select_CH	32	static
../Core/Src/main.c:1275:7:GetPwmPercentage	16	static
../Core/Src/main.c:1285:6:DisplayWaterDepth	16	static
../Core/Src/main.c:1310:6:HAL_UART_RxCpltCallback	16	static
../Core/Src/main.c:1331:6:HAL_TIM_PeriodElapsedCallback	16	static
../Core/Src/main.c:1344:6:DIGITS_Display	56	static
../Core/Src/main.c:1425:6:HAL_GPIO_EXTI_Callback	16	static
../Core/Src/main.c:1440:6:Error_Handler	4	static,ignoring_inline_asm
